2026-07-08T16:47:40Z - published 0001-two-sum.java
2026-07-09T11:52:15Z - published 0004-median-of-two-sorted-arrays.java
2026-07-10T11:45:59Z - published 0007-reverse-integer.java
2026-07-11T10:10:47Z - published 0009-palindrome-number.java
2026-07-12T10:22:12Z - published 0011-container-with-most-water.java
2026-07-13T11:56:29Z - published 0012-integer-to-roman.java
2026-07-14T10:40:38Z - published 0013-roman-to-integer.java
2026-07-14T17:29:21Z - published 0019-remove-nth-node-from-end-of-list.java
2026-07-15T10:44:14Z - published 0020-valid-parentheses.java
2026-07-16T10:53:22Z - published 0021-merge-two-sorted-lists.java
2026-07-17T10:41:38Z - published 0024-swap-nodes-in-pairs.java
2026-07-18T10:14:42Z - published 0026-remove-duplicates-from-sorted-array.java
2026-07-19T10:22:12Z - published 0027-remove-element.java
2026-07-20T11:40:03Z - published 0033-search-in-rotated-sorted-array.java
2026-07-21T11:02:40Z - published 0034-find-first-and-last-position-of-element-in-sorted-array.java
2026-07-22T11:03:34Z - published 0035-search-insert-position.java
2026-07-23T11:05:14Z - published 0054-spiral-matrix.java
2026-07-24T10:58:18Z - published 0058-length-of-last-word.java
2026-07-25T10:23:04Z - published 0061-rotate-list.java
2026-07-26T10:39:48Z - published 0066-plus-one.java
2026-07-27T12:16:23Z - published 0067-add-binary.java
2026-07-28T11:11:55Z - published 0069-sqrt-x.java
2026-07-29T11:19:39Z - published 0070-climbing-stairs.java
2026-07-30T11:02:19Z - published 0073-set-matrix-zeroes.java
2026-07-31T11:25:31Z - published 0074-search-a-2d-matrix.java
2026-08-01T10:36:05Z - published 0075-sort-colors.java
2026-08-02T10:29:25Z - published 0083-remove-duplicates-from-sorted-list.java
2026-08-03T12:16:52Z - published 0086-partition-list.java
2026-08-04T11:18:53Z - published 0088-merge-sorted-array.java
2026-08-05T11:15:38Z - published 0121-best-time-to-buy-and-sell-stock.java
2026-08-06T11:15:44Z - published 0125-valid-palindrome.java
2026-08-07T09:55:36Z - published 0136-single-number.java
2026-08-08T09:31:28Z - published 0141-linked-list-cycle.java
2026-08-09T09:33:02Z - published 0142-linked-list-cycle-ii.java
2026-08-10T10:11:55Z - published 0143-reorder-list.java
2026-08-11T09:55:11Z - published 0146-lru-cache.java
2026-08-12T09:55:51Z - published 0148-sort-list.java
2026-08-13T09:57:33Z - published 0160-intersection-of-two-linked-lists.java
2026-08-14T09:54:03Z - published 0162-find-peak-element.java
2026-08-15T09:19:21Z - published 0164-maximum-gap.java
2026-08-16T09:21:25Z - published 0167-two-sum-ii-input-array-is-sorted.java
2026-08-17T09:35:00Z - published 0169-majority-element.java
2026-08-18T09:26:06Z - published 0176-second-highest-salary.txt
2026-08-19T09:27:23Z - published 0183-customers-who-never-order.txt
2026-08-20T09:27:26Z - published 0189-rotate-array.java
2026-08-21T09:30:14Z - published 0191-number-of-1-bits.java
2026-08-22T09:21:20Z - published 0202-happy-number.java
2026-08-23T09:21:36Z - published 0203-remove-linked-list-elements.java
2026-08-24T09:40:00Z - published 0205-isomorphic-strings.java
2026-08-25T09:29:11Z - published 0206-reverse-linked-list.java
2026-08-26T09:34:44Z - published 0217-contains-duplicate.java
2026-08-27T19:22:26Z - published 0219-contains-duplicate-ii.java
2026-08-28T20:36:16Z - published 0228-summary-ranges.java
